First file

windows edit content

czz